Traceback (most recent call last):
  File "E:\pycharm.workspace\Layout\scripts\tflayout\01_parse_supp.py", line 164, in <module>
    run_parse_supp(a.xlsx, a.sgd, a.bwdir, a.out,
  File "E:\pycharm.workspace\Layout\scripts\tflayout\01_parse_supp.py", line 18, in run_parse_supp
    sgd_df = pd.read_csv(sgd, sep="\t", header=None, dtype=str, quoting=3)
             ^^^^^^^^^^^^^^^^^^^^^^^^^^^^^^^^^^^^^^^^^^^^^^^^^^^^^^^^^^^^^
  File "E:\anaconda\conda\Lib\site-packages\pandas\io\parsers\readers.py", line 1026, in read_csv
    return _read(filepath_or_buffer, kwds)
           ^^^^^^^^^^^^^^^^^^^^^^^^^^^^^^^
  File "E:\anaconda\conda\Lib\site-packages\pandas\io\parsers\readers.py", line 620, in _read
    parser = TextFileReader(filepath_or_buffer, **kwds)
             ^^^^^^^^^^^^^^^^^^^^^^^^^^^^^^^^^^^^^^^^^^
  File "E:\anaconda\conda\Lib\site-packages\pandas\io\parsers\readers.py", line 1620, in __init__
    self._engine = self._make_engine(f, self.engine)
                   ^^^^^^^^^^^^^^^^^^^^^^^^^^^^^^^^^
  File "E:\anaconda\conda\Lib\site-packages\pandas\io\parsers\readers.py", line 1880, in _make_engine
    self.handles = get_handle(
                   ^^^^^^^^^^^
  File "E:\anaconda\conda\Lib\site-packages\pandas\io\common.py", line 873, in get_handle
    handle = open(
             ^^^^^
FileNotFoundError: [Errno 2] No such file or directory: 'data/SGD_features.tab'
